(node:147064) ExperimentalWarning: SQLite is an experimental feature and might change at any time
(Use `node --trace-warnings ...` to show where the warning was created)
🔍 Testing FTS5 Search Logic

Test 1a: FTS5 Configuration
  FTS5 Table: CREATE VIRTUAL TABLE tools_fts USING fts5(
  name,
  description,
  description_cn,
  tags,
  id UNINDEXED,
  type UNINDEXED,
  tokenize='trigram'
)...

Test 1b: Search with LIKE '%微信%'
  Found 5 results
  - wechat_send (core)
    通过桌面自动化发送微信消息...
  - wechat_check (core)
    检查微信未读消息...
  - 微信读书 (mcp)
    一个为微信读书提供MCP（Model Context Protocol）服务的工具，支持将微信读书的书籍、笔记和划线数据...
  - 企业微信机器人消息服务器 (mcp)
    一个使用FastMCP通过企业微信机器人发送消息的服务器，支持通过Webhook进行异步通信和消息追踪。...
  - MCP微信公众号爬虫 (mcp)

Test 1c: FTS5 Search '微信' (no wildcard)
  Found 0 results

Test 1d: FTS5 Search '*微信*' (with wildcard)
❌ Error: unknown special query: 微信*
Error: unknown special query: 微信*
    at file:///D:/codeknowledge/clawdbot-main/clawdbot-main/scripts/verify-query-logic.ts:70:6
    at ModuleJob.run (node:internal/modules/esm/module_job:413:25)
    at process.processTicksAndRejections (node:internal/process/task_queues:103:5)
    at async onImport.tracePromise.__proto__ (node:internal/modules/esm/loader:660:26)
    at async asyncRunEntryPointWithESMLoader (node:internal/modules/run_main:101:5)
